Analysis & Synthesis report for CPU_ORDER
Fri Jan 05 23:50:36 2018
Quartus II Version 9.0 Build 184 04/29/2009 Service Pack 1 SJ Web Edition


---------------------
; Table of Contents ;
---------------------
  1. Legal Notice
  2. Analysis & Synthesis Summary
  3. Analysis & Synthesis Settings
  4. Analysis & Synthesis Source Files Read
  5. Analysis & Synthesis Resource Usage Summary
  6. Analysis & Synthesis Resource Utilization by Entity
  7. User-Specified and Inferred Latches
  8. General Register Statistics
  9. Multiplexer Restructuring Statistics (Restructuring Performed)
 10. Analysis & Synthesis Messages



----------------
; Legal Notice ;
----------------
Copyright (C) 1991-2009 Altera Corporation
Your use of Altera Corporation's design tools, logic functions 
and other software and tools, and its AMPP partner logic 
functions, and any output files from any of the foregoing 
(including device programming or simulation files), and any 
associated documentation or information are expressly subject 
to the terms and conditions of the Altera Program License 
Subscription Agreement, Altera MegaCore Function License 
Agreement, or other applicable license agreement, including, 
without limitation, that your use is for the sole purpose of 
programming logic devices manufactured by Altera and sold by 
Altera or its authorized distributors.  Please refer to the 
applicable agreement for further details.



+------------------------------------------------------------------------------+
; Analysis & Synthesis Summary                                                 ;
+-------------------------------+----------------------------------------------+
; Analysis & Synthesis Status   ; Successful - Fri Jan 05 23:50:36 2018        ;
; Quartus II Version            ; 9.0 Build 184 04/29/2009 SP 1 SJ Web Edition ;
; Revision Name                 ; CPU_ORDER                                    ;
; Top-level Entity Name         ; cpu_order                                    ;
; Family                        ; Stratix II                                   ;
; Logic utilization             ; N/A                                          ;
;     Combinational ALUTs       ; 24                                           ;
;     Dedicated logic registers ; 0                                            ;
; Total registers               ; 0                                            ;
; Total pins                    ; 31                                           ;
; Total virtual pins            ; 0                                            ;
; Total block memory bits       ; 0                                            ;
; DSP block 9-bit elements      ; 0                                            ;
; Total PLLs                    ; 0                                            ;
; Total DLLs                    ; 0                                            ;
+-------------------------------+----------------------------------------------+


+--------------------------------------------------------------------------------------------------------+
; Analysis & Synthesis Settings                                                                          ;
+--------------------------------------------------------------+--------------------+--------------------+
; Option                                                       ; Setting            ; Default Value      ;
+--------------------------------------------------------------+--------------------+--------------------+
; Top-level entity name                                        ; CPU_ORDER          ; CPU_ORDER          ;
; Family name                                                  ; Stratix II         ; Stratix II         ;
; Use Generated Physical Constraints File                      ; Off                ;                    ;
; Use smart compilation                                        ; Off                ; Off                ;
; Restructure Multiplexers                                     ; Auto               ; Auto               ;
; Create Debugging Nodes for IP Cores                          ; Off                ; Off                ;
; Preserve fewer node names                                    ; On                 ; On                 ;
; Disable OpenCore Plus hardware evaluation                    ; Off                ; Off                ;
; Verilog Version                                              ; Verilog_2001       ; Verilog_2001       ;
; VHDL Version                                                 ; VHDL93             ; VHDL93             ;
; State Machine Processing                                     ; Auto               ; Auto               ;
; Safe State Machine                                           ; Off                ; Off                ;
; Extract Verilog State Machines                               ; On                 ; On                 ;
; Extract VHDL State Machines                                  ; On                 ; On                 ;
; Ignore Verilog initial constructs                            ; Off                ; Off                ;
; Iteration limit for constant Verilog loops                   ; 5000               ; 5000               ;
; Iteration limit for non-constant Verilog loops               ; 250                ; 250                ;
; Add Pass-Through Logic to Inferred RAMs                      ; On                 ; On                 ;
; Parallel Synthesis                                           ; Off                ; Off                ;
; DSP Block Balancing                                          ; Auto               ; Auto               ;
; NOT Gate Push-Back                                           ; On                 ; On                 ;
; Power-Up Don't Care                                          ; On                 ; On                 ;
; Remove Redundant Logic Cells                                 ; Off                ; Off                ;
; Remove Duplicate Registers                                   ; On                 ; On                 ;
; Ignore CARRY Buffers                                         ; Off                ; Off                ;
; Ignore CASCADE Buffers                                       ; Off                ; Off                ;
; Ignore GLOBAL Buffers                                        ; Off                ; Off                ;
; Ignore ROW GLOBAL Buffers                                    ; Off                ; Off                ;
; Ignore LCELL Buffers                                         ; Off                ; Off                ;
; Ignore SOFT Buffers                                          ; On                 ; On                 ;
; Limit AHDL Integers to 32 Bits                               ; Off                ; Off                ;
; Optimization Technique                                       ; Balanced           ; Balanced           ;
; Carry Chain Length                                           ; 70                 ; 70                 ;
; Auto Carry Chains                                            ; On                 ; On                 ;
; Auto Open-Drain Pins                                         ; On                 ; On                 ;
; Perform WYSIWYG Primitive Resynthesis                        ; Off                ; Off                ;
; Auto ROM Replacement                                         ; On                 ; On                 ;
; Auto RAM Replacement                                         ; On                 ; On                 ;
; Auto DSP Block Replacement                                   ; On                 ; On                 ;
; Auto Shift Register Replacement                              ; Auto               ; Auto               ;
; Auto Clock Enable Replacement                                ; On                 ; On                 ;
; Strict RAM Replacement                                       ; Off                ; Off                ;
; Allow Synchronous Control Signals                            ; On                 ; On                 ;
; Force Use of Synchronous Clear Signals                       ; Off                ; Off                ;
; Auto RAM Block Balancing                                     ; On                 ; On                 ;
; Auto RAM to Logic Cell Conversion                            ; Off                ; Off                ;
; Auto Resource Sharing                                        ; Off                ; Off                ;
; Allow Any RAM Size For Recognition                           ; Off                ; Off                ;
; Allow Any ROM Size For Recognition                           ; Off                ; Off                ;
; Allow Any Shift Register Size For Recognition                ; Off                ; Off                ;
; Use LogicLock Constraints during Resource Balancing          ; On                 ; On                 ;
; Ignore translate_off and synthesis_off directives            ; Off                ; Off                ;
; Timing-Driven Synthesis                                      ; Off                ; Off                ;
; Show Parameter Settings Tables in Synthesis Report           ; On                 ; On                 ;
; Ignore Maximum Fan-Out Assignments                           ; Off                ; Off                ;
; Synchronization Register Chain Length                        ; 2                  ; 2                  ;
; PowerPlay Power Optimization                                 ; Normal compilation ; Normal compilation ;
; HDL message level                                            ; Level2             ; Level2             ;
; Suppress Register Optimization Related Messages              ; Off                ; Off                ;
; Number of Removed Registers Reported in Synthesis Report     ; 100                ; 100                ;
; Number of Inverted Registers Reported in Synthesis Report    ; 100                ; 100                ;
; Clock MUX Protection                                         ; On                 ; On                 ;
; Auto Gated Clock Conversion                                  ; Off                ; Off                ;
; Block Design Naming                                          ; Auto               ; Auto               ;
; SDC constraint protection                                    ; Off                ; Off                ;
; Synthesis Effort                                             ; Auto               ; Auto               ;
; Shift Register Replacement - Allow Asynchronous Clear Signal ; On                 ; On                 ;
; Analysis & Synthesis Message Level                           ; Medium             ; Medium             ;
+--------------------------------------------------------------+--------------------+--------------------+


+--------------------------------------------------------------------------------------------------------------------+
; Analysis & Synthesis Source Files Read                                                                             ;
+----------------------------------+-----------------+-----------------+---------------------------------------------+
; File Name with User-Entered Path ; Used in Netlist ; File Type       ; File Name with Absolute Path                ;
+----------------------------------+-----------------+-----------------+---------------------------------------------+
; CPU_ORDER.vhd                    ; yes             ; User VHDL File  ; H:/exp/CPU_wuduozhi/CPU_ORDER/CPU_ORDER.vhd ;
+----------------------------------+-----------------+-----------------+---------------------------------------------+


+---------------------------------------------------------+
; Analysis & Synthesis Resource Usage Summary             ;
+-----------------------------------------------+---------+
; Resource                                      ; Usage   ;
+-----------------------------------------------+---------+
; Estimated ALUTs Used                          ; 24      ;
; Dedicated logic registers                     ; 0       ;
;                                               ;         ;
; Estimated ALUTs Unavailable                   ; 1       ;
;                                               ;         ;
; Total combinational functions                 ; 24      ;
; Combinational ALUT usage by number of inputs  ;         ;
;     -- 7 input functions                      ; 0       ;
;     -- 6 input functions                      ; 2       ;
;     -- 5 input functions                      ; 2       ;
;     -- 4 input functions                      ; 3       ;
;     -- <=3 input functions                    ; 17      ;
;                                               ;         ;
; Combinational ALUTs by mode                   ;         ;
;     -- normal mode                            ; 24      ;
;     -- extended LUT mode                      ; 0       ;
;     -- arithmetic mode                        ; 0       ;
;     -- shared arithmetic mode                 ; 0       ;
;                                               ;         ;
; Estimated ALUT/register pairs used            ; 24      ;
;                                               ;         ;
; Total registers                               ; 0       ;
;     -- Dedicated logic registers              ; 0       ;
;     -- I/O registers                          ; 0       ;
;                                               ;         ;
; Estimated ALMs:  partially or completely used ; 12      ;
;                                               ;         ;
; I/O pins                                      ; 31      ;
; Maximum fan-out node                          ; F_BUS~2 ;
; Maximum fan-out                               ; 13      ;
; Total fan-out                                 ; 102     ;
; Average fan-out                               ; 1.85    ;
+-----------------------------------------------+---------+


+-----------------------------------------------------------------------------------------------------------------------------------------------------------------------------------------------+
; Analysis & Synthesis Resource Utilization by Entity                                                                                                                                           ;
+----------------------------+-------------------+--------------+-------------------+--------------+---------+-----------+-----------+------+--------------+---------------------+--------------+
; Compilation Hierarchy Node ; LC Combinationals ; LC Registers ; Block Memory Bits ; DSP Elements ; DSP 9x9 ; DSP 18x18 ; DSP 36x36 ; Pins ; Virtual Pins ; Full Hierarchy Name ; Library Name ;
+----------------------------+-------------------+--------------+-------------------+--------------+---------+-----------+-----------+------+--------------+---------------------+--------------+
; |cpu_order                 ; 24 (24)           ; 0 (0)        ; 0                 ; 0            ; 0       ; 0         ; 0         ; 31   ; 0            ; |cpu_order          ; work         ;
+----------------------------+-------------------+--------------+-------------------+--------------+---------+-----------+-----------+------+--------------+---------------------+--------------+
Note: For table entries with two numbers listed, the numbers in parentheses indicate the number of resources of the given type used by the specific entity alone. The numbers listed outside of parentheses indicate the total resources of the given type used by the specific entity and all of its sub-entities in the hierarchy.


+----------------------------------------------------------------------------------------------------+
; User-Specified and Inferred Latches                                                                ;
+-----------------------------------------------------+---------------------+------------------------+
; Latch Name                                          ; Latch Enable Signal ; Free of Timing Hazards ;
+-----------------------------------------------------+---------------------+------------------------+
; F_BUS$latch                                         ; F_BUS~1             ; yes                    ;
; FL_BUS$latch                                        ; FL_BUS~0            ; yes                    ;
; FR_BUS$latch                                        ; FL_BUS~0            ; yes                    ;
; M$latch                                             ; F_BUS~1             ; yes                    ;
; S[0]$latch                                          ; F_BUS~1             ; yes                    ;
; S[1]$latch                                          ; F_BUS~1             ; yes                    ;
; S[2]$latch                                          ; F_BUS~1             ; yes                    ;
; S[3]$latch                                          ; F_BUS~1             ; yes                    ;
; R_Add[0]$latch                                      ; F_BUS~1             ; yes                    ;
; R_Add[1]$latch                                      ; F_BUS~1             ; yes                    ;
; W_Add[0]$latch                                      ; F_BUS~1             ; yes                    ;
; W_Add[1]$latch                                      ; F_BUS~1             ; yes                    ;
; W_n$latch                                           ; F_BUS~1             ; yes                    ;
; DL$latch                                            ; F_BUS~1             ; yes                    ;
; XL$latch                                            ; F_BUS~1             ; yes                    ;
; CS_n$latch                                          ; F_BUS~1             ; yes                    ;
; MADD[0]$latch                                       ; F_BUS~1             ; yes                    ;
; MADD[1]$latch                                       ; F_BUS~1             ; yes                    ;
; Number of user-specified and inferred latches = 18  ;                     ;                        ;
+-----------------------------------------------------+---------------------+------------------------+
Note: All latches listed above may not be present at the end of synthesis due to various synthesis optimizations.


+------------------------------------------------------+
; General Register Statistics                          ;
+----------------------------------------------+-------+
; Statistic                                    ; Value ;
+----------------------------------------------+-------+
; Total registers                              ; 0     ;
; Number of registers using Synchronous Clear  ; 0     ;
; Number of registers using Synchronous Load   ; 0     ;
; Number of registers using Asynchronous Clear ; 0     ;
; Number of registers using Asynchronous Load  ; 0     ;
; Number of registers using Clock Enable       ; 0     ;
; Number of registers using Preset             ; 0     ;
+----------------------------------------------+-------+


+------------------------------------------------------------------------------------------------------------------------------------------+
; Multiplexer Restructuring Statistics (Restructuring Performed)                                                                           ;
+--------------------+-----------+---------------+----------------------+------------------------+------------+----------------------------+
; Multiplexer Inputs ; Bus Width ; Baseline Area ; Area if Restructured ; Saving if Restructured ; Registered ; Example Multiplexer Output ;
+--------------------+-----------+---------------+----------------------+------------------------+------------+----------------------------+
; 6:1                ; 2 bits    ; 8 ALUTs       ; 6 ALUTs              ; 2 ALUTs                ; No         ; |cpu_order|Mux12           ;
; 1:1                ; 2 bits    ; 0 ALUTs       ; 0 ALUTs              ; 0 ALUTs                ; No         ; |cpu_order|Mux1            ;
; 6:1                ; 2 bits    ; 8 ALUTs       ; 0 ALUTs              ; 8 ALUTs                ; No         ; |cpu_order|Mux7            ;
; 6:1                ; 2 bits    ; 8 ALUTs       ; 2 ALUTs              ; 6 ALUTs                ; No         ; |cpu_order|Mux5            ;
; 7:1                ; 2 bits    ; 8 ALUTs       ; 8 ALUTs              ; 0 ALUTs                ; No         ; |cpu_order|Mux9            ;
+--------------------+-----------+---------------+----------------------+------------------------+------------+----------------------------+


+-------------------------------+
; Analysis & Synthesis Messages ;
+-------------------------------+
Info: *******************************************************************
Info: Running Quartus II Analysis & Synthesis
    Info: Version 9.0 Build 184 04/29/2009 Service Pack 1 SJ Web Edition
    Info: Processing started: Fri Jan 05 23:50:35 2018
Info: Command: quartus_map --read_settings_files=on --write_settings_files=off CPU_ORDER -c CPU_ORDER
Info: Found 2 design units, including 1 entities, in source file CPU_ORDER.vhd
    Info: Found design unit 1: cpu_order-ip
    Info: Found entity 1: cpu_order
Info: Elaborating entity "CPU_ORDER" for the top level hierarchy
Warning (10492): VHDL Process Statement warning at CPU_ORDER.vhd(34): signal "tmp" is read inside the Process Statement but isn't in the Process Statement's sensitivity list
Warning (10492): VHDL Process Statement warning at CPU_ORDER.vhd(36): signal "tmp" is read inside the Process Statement but isn't in the Process Statement's sensitivity list
Warning (10492): VHDL Process Statement warning at CPU_ORDER.vhd(39): signal "R" is read inside the Process Statement but isn't in the Process Statement's sensitivity list
Warning (10492): VHDL Process Statement warning at CPU_ORDER.vhd(41): signal "R" is read inside the Process Statement but isn't in the Process Statement's sensitivity list
Warning (10492): VHDL Process Statement warning at CPU_ORDER.vhd(42): signal "W" is read inside the Process Statement but isn't in the Process Statement's sensitivity list
Warning (10492): VHDL Process Statement warning at CPU_ORDER.vhd(48): signal "W" is read inside the Process Statement but isn't in the Process Statement's sensitivity list
Warning (10492): VHDL Process Statement warning at CPU_ORDER.vhd(50): signal "R" is read inside the Process Statement but isn't in the Process Statement's sensitivity list
Warning (10492): VHDL Process Statement warning at CPU_ORDER.vhd(51): signal "W" is read inside the Process Statement but isn't in the Process Statement's sensitivity list
Warning (10492): VHDL Process Statement warning at CPU_ORDER.vhd(58): signal "R" is read inside the Process Statement but isn't in the Process Statement's sensitivity list
Warning (10492): VHDL Process Statement warning at CPU_ORDER.vhd(59): signal "W" is read inside the Process Statement but isn't in the Process Statement's sensitivity list
Warning (10492): VHDL Process Statement warning at CPU_ORDER.vhd(67): signal "tmp" is read inside the Process Statement but isn't in the Process Statement's sensitivity list
Warning (10492): VHDL Process Statement warning at CPU_ORDER.vhd(70): signal "R" is read inside the Process Statement but isn't in the Process Statement's sensitivity list
Warning (10492): VHDL Process Statement warning at CPU_ORDER.vhd(71): signal "W" is read inside the Process Statement but isn't in the Process Statement's sensitivity list
Warning (10492): VHDL Process Statement warning at CPU_ORDER.vhd(78): signal "tmp" is read inside the Process Statement but isn't in the Process Statement's sensitivity list
Warning (10492): VHDL Process Statement warning at CPU_ORDER.vhd(81): signal "R" is read inside the Process Statement but isn't in the Process Statement's sensitivity list
Warning (10492): VHDL Process Statement warning at CPU_ORDER.vhd(82): signal "W" is read inside the Process Statement but isn't in the Process Statement's sensitivity list
Warning (10492): VHDL Process Statement warning at CPU_ORDER.vhd(89): signal "tmp" is read inside the Process Statement but isn't in the Process Statement's sensitivity list
Warning (10492): VHDL Process Statement warning at CPU_ORDER.vhd(92): signal "R" is read inside the Process Statement but isn't in the Process Statement's sensitivity list
Warning (10492): VHDL Process Statement warning at CPU_ORDER.vhd(93): signal "W" is read inside the Process Statement but isn't in the Process Statement's sensitivity list
Warning (10492): VHDL Process Statement warning at CPU_ORDER.vhd(100): signal "tmp" is read inside the Process Statement but isn't in the Process Statement's sensitivity list
Warning (10492): VHDL Process Statement warning at CPU_ORDER.vhd(103): signal "R" is read inside the Process Statement but isn't in the Process Statement's sensitivity list
Warning (10492): VHDL Process Statement warning at CPU_ORDER.vhd(104): signal "R" is read inside the Process Statement but isn't in the Process Statement's sensitivity list
Warning (10492): VHDL Process Statement warning at CPU_ORDER.vhd(111): signal "tmp" is read inside the Process Statement but isn't in the Process Statement's sensitivity list
Warning (10492): VHDL Process Statement warning at CPU_ORDER.vhd(113): signal "W" is read inside the Process Statement but isn't in the Process Statement's sensitivity list
Warning (10492): VHDL Process Statement warning at CPU_ORDER.vhd(118): signal "R" is read inside the Process Statement but isn't in the Process Statement's sensitivity list
Warning (10492): VHDL Process Statement warning at CPU_ORDER.vhd(119): signal "R" is read inside the Process Statement but isn't in the Process Statement's sensitivity list
Warning (10492): VHDL Process Statement warning at CPU_ORDER.vhd(129): signal "R" is read inside the Process Statement but isn't in the Process Statement's sensitivity list
Warning (10492): VHDL Process Statement warning at CPU_ORDER.vhd(130): signal "R" is read inside the Process Statement but isn't in the Process Statement's sensitivity list
Warning (10631): VHDL Process Statement warning at CPU_ORDER.vhd(26): inferring latch(es) for signal or variable "S", which holds its previous value in one or more paths through the process
Warning (10631): VHDL Process Statement warning at CPU_ORDER.vhd(26): inferring latch(es) for signal or variable "M", which holds its previous value in one or more paths through the process
Warning (10631): VHDL Process Statement warning at CPU_ORDER.vhd(26): inferring latch(es) for signal or variable "F_BUS", which holds its previous value in one or more paths through the process
Warning (10631): VHDL Process Statement warning at CPU_ORDER.vhd(26): inferring latch(es) for signal or variable "W_n", which holds its previous value in one or more paths through the process
Warning (10631): VHDL Process Statement warning at CPU_ORDER.vhd(26): inferring latch(es) for signal or variable "R_Add", which holds its previous value in one or more paths through the process
Warning (10631): VHDL Process Statement warning at CPU_ORDER.vhd(26): inferring latch(es) for signal or variable "W_Add", which holds its previous value in one or more paths through the process
Warning (10631): VHDL Process Statement warning at CPU_ORDER.vhd(26): inferring latch(es) for signal or variable "MADD", which holds its previous value in one or more paths through the process
Warning (10631): VHDL Process Statement warning at CPU_ORDER.vhd(26): inferring latch(es) for signal or variable "CS_n", which holds its previous value in one or more paths through the process
Warning (10631): VHDL Process Statement warning at CPU_ORDER.vhd(26): inferring latch(es) for signal or variable "DL", which holds its previous value in one or more paths through the process
Warning (10631): VHDL Process Statement warning at CPU_ORDER.vhd(26): inferring latch(es) for signal or variable "XL", which holds its previous value in one or more paths through the process
Warning (10631): VHDL Process Statement warning at CPU_ORDER.vhd(26): inferring latch(es) for signal or variable "FR_BUS", which holds its previous value in one or more paths through the process
Warning (10631): VHDL Process Statement warning at CPU_ORDER.vhd(26): inferring latch(es) for signal or variable "FL_BUS", which holds its previous value in one or more paths through the process
Info (10041): Inferred latch for "FL_BUS" at CPU_ORDER.vhd(26)
Info (10041): Inferred latch for "FR_BUS" at CPU_ORDER.vhd(26)
Info (10041): Inferred latch for "XL" at CPU_ORDER.vhd(26)
Info (10041): Inferred latch for "DL" at CPU_ORDER.vhd(26)
Info (10041): Inferred latch for "CS_n" at CPU_ORDER.vhd(26)
Info (10041): Inferred latch for "MADD[0]" at CPU_ORDER.vhd(26)
Info (10041): Inferred latch for "MADD[1]" at CPU_ORDER.vhd(26)
Info (10041): Inferred latch for "W_Add[0]" at CPU_ORDER.vhd(26)
Info (10041): Inferred latch for "W_Add[1]" at CPU_ORDER.vhd(26)
Info (10041): Inferred latch for "R_Add[0]" at CPU_ORDER.vhd(26)
Info (10041): Inferred latch for "R_Add[1]" at CPU_ORDER.vhd(26)
Info (10041): Inferred latch for "W_n" at CPU_ORDER.vhd(26)
Info (10041): Inferred latch for "F_BUS" at CPU_ORDER.vhd(26)
Info (10041): Inferred latch for "M" at CPU_ORDER.vhd(26)
Info (10041): Inferred latch for "S[0]" at CPU_ORDER.vhd(26)
Info (10041): Inferred latch for "S[1]" at CPU_ORDER.vhd(26)
Info (10041): Inferred latch for "S[2]" at CPU_ORDER.vhd(26)
Info (10041): Inferred latch for "S[3]" at CPU_ORDER.vhd(26)
Info: Duplicate LATCH primitives merged into single LATCH primitive
    Info: Duplicate LATCH primitive "MADD[1]$latch" merged with LATCH primitive "M$latch"
    Info: Duplicate LATCH primitive "XL$latch" merged with LATCH primitive "M$latch"
    Info: Duplicate LATCH primitive "MADD[0]$latch" merged with LATCH primitive "DL$latch"
Warning: Latch F_BUS$latch has unsafe behavior
    Warning: Ports D and ENA on the latch are fed by the same signal Data_in[4]
Warning: Latch M$latch has unsafe behavior
    Warning: Ports D and ENA on the latch are fed by the same signal Data_in[4]
Warning: Latch S[0]$latch has unsafe behavior
    Warning: Ports D and ENA on the latch are fed by the same signal Data_in[4]
Warning: Latch S[1]$latch has unsafe behavior
    Warning: Ports D and ENA on the latch are fed by the same signal Data_in[5]
Warning: Latch S[2]$latch has unsafe behavior
    Warning: Ports D and ENA on the latch are fed by the same signal Data_in[6]
Warning: Latch S[3]$latch has unsafe behavior
    Warning: Ports D and ENA on the latch are fed by the same signal Data_in[7]
Warning: Latch W_Add[0]$latch has unsafe behavior
    Warning: Ports D and ENA on the latch are fed by the same signal Data_in[6]
Warning: Latch W_Add[1]$latch has unsafe behavior
    Warning: Ports D and ENA on the latch are fed by the same signal Data_in[6]
Warning: Latch W_n$latch has unsafe behavior
    Warning: Ports D and ENA on the latch are fed by the same signal Data_in[4]
Warning: Latch DL$latch has unsafe behavior
    Warning: Ports D and ENA on the latch are fed by the same signal Data_in[4]
Warning: Latch CS_n$latch has unsafe behavior
    Warning: Ports D and ENA on the latch are fed by the same signal Data_in[4]
Warning: Output pins are stuck at VCC or GND
    Warning (13410): Pin "IN_PC" is stuck at GND
Warning: Design contains 2 input pin(s) that do not drive logic
    Warning (15610): No output dependent on input pin "C"
    Warning (15610): No output dependent on input pin "S0"
Info: Implemented 55 device resources after synthesis - the final resource count might be different
    Info: Implemented 11 input pins
    Info: Implemented 20 output pins
    Info: Implemented 24 logic cells
Info: Quartus II Analysis & Synthesis was successful. 0 errors, 67 warnings
    Info: Peak virtual memory: 230 megabytes
    Info: Processing ended: Fri Jan 05 23:50:36 2018
    Info: Elapsed time: 00:00:01
    Info: Total CPU time (on all processors): 00:00:01


