--------------------------------------------------------------------------------------
Timing Analyzer Summary
--------------------------------------------------------------------------------------

Type           : Worst-case tco
Slack          : N/A
Required Time  : None
Actual Time    : 16.098 ns
From           : cpu_order:inst6|R_Add[1]
To             : BUS[1]
From Clock     : clk
To Clock       : --
Failed Paths   : 0

Type           : Clock Setup: 'clk'
Slack          : N/A
Required Time  : None
Actual Time    : 46.60 MHz ( period = 21.458 ns )
From           : cpu_order:inst6|R_Add[1]
To             : CPU_RAM:inst12|mem~382
From Clock     : clk
To Clock       : clk
Failed Paths   : 0

Type           : Clock Hold: 'clk'
Slack          : Not operational: Clock Skew > Data Delay
Required Time  : None
Actual Time    : N/A
From           : CPU_REGISTER_GROUP:inst17|R_C[1]
To             : CPU_ALU:inst|ALU_out[1]$latch
From Clock     : clk
To Clock       : clk
Failed Paths   : 188

Type           : Total number of failed paths
Slack          : 
Required Time  : 
Actual Time    : 
From           : 
To             : 
From Clock     : 
To Clock       : 
Failed Paths   : 188

--------------------------------------------------------------------------------------

